******************************************************************************
                  TI ARM Linker PC v18.1.2                     
******************************************************************************
>> Linked Sat Mar  7 13:35:59 2020

OUTPUT FILE NAME:   <___Bachelorarbeit_Transistor.out>
ENTRY POINT SYMBOL: "_c_int00_noargs"  address: 00008729


MEMORY CONFIGURATION

         name            origin    length      used     unused   attr    fill
----------------------  --------  ---------  --------  --------  ----  --------
  FLASH                 00000000   00100000  0000f39a  000f0c66  R  X
  SRAM                  20000000   00040000  000191de  00026e22  RW X


SEGMENT ALLOCATION MAP

run origin  load origin   length   init length attrs members
----------  ----------- ---------- ----------- ----- -------
00000000    00000000    0000f3a0   0000f3a0    r-x
  00000000    00000000    00000200   00000200    r-- .intvecs
  00000200    00000200    000092ee   000092ee    r-x .text
  000094f0    000094f0    00005cfc   00005cfc    r-- .const
  0000f1f0    0000f1f0    000001b0   000001b0    r-- .cinit
20000000    20000000    000191e8   00000000    rw-
  20000000    20000000    0000026c   00000000    rw- .vtable
  20000270    20000270    00017d72   00000000    rw- .bss
  20017fe8    20017fe8    00001000   00000000    rw- .stack
  20018fe8    20018fe8    00000200   00000000    rw- .data


SECTION ALLOCATION MAP

 output                                  attributes/
section   page    origin      length       input sections
--------  ----  ----------  ----------   ----------------
.intvecs   0    00000000    00000200     
                  00000000    00000200     startup_ccs.obj (.intvecs)

.text      0    00000200    000092ee     
                  00000200    00000a5e     rtsv7M4_T_le_v4SPD16_eabi.lib : _printfi.c.obj (.text:__TI_printfi)
                  00000c5e    00000002     startup_ccs.obj (.text:FaultISR)
                  00000c60    000007ac     lwiplib.obj (.text:tcp_receive)
                  0000140c    000004a6     httpd.obj (.text:http_send_data)
                  000018b2    00000002     startup_ccs.obj (.text:IntDefaultHandler)
                  000018b4    00000478     ___Bachelorarbeit_Transistor.obj (.text:main)
                  00001d2c    000003cc     lwiplib.obj (.text:tcp_input)
                  000020f8    000003b4     lwiplib.obj (.text:tcp_process)
                  000024ac    00000378     ___Bachelorarbeit_Transistor.obj (.text:SSIHandler)
                  00002824    000002e8     lwiplib.obj (.text:tcp_write)
                  00002b0c    000002c8     lwiplib.obj (.text:tcp_slowtmr)
                  00002dd4    00000270     rtsv7M4_T_le_v4SPD16_eabi.lib : _printfi.c.obj (.text:_pconv_a)
                  00003044    00000251     ustdlib.obj (.text:uvsnprintf)
                  00003295    00000001     --HOLE-- [fill = 0]
                  00003296    00000002     startup_ccs.obj (.text:NmiSR)
                  00003298    00000218     pinout.obj (.text:PinoutSet)
                  000034b0    00000200     driverlib.lib : sysctl.obj (.text:SysCtlClockFreqSet)
                  000036b0    000001ea     uartstdio.obj (.text:UARTvprintf)
                  0000389a    00000002     io.obj (.text:io_init)
                  0000389c    000001d0     rtsv7M4_T_le_v4SPD16_eabi.lib : _printfi.c.obj (.text:_pconv_g)
                  00003a6c    000001c0     lwiplib.obj (.text:ip_input)
                  00003c2c    000001bc     lwiplib.obj (.text:udp_input)
                  00003de8    000001b6     rtsv7M4_T_le_v4SPD16_eabi.lib : fd_add_t2.asm.obj (.text)
                  00003f9e    00000002                                   : div0.asm.obj (.text)
                  00003fa0    000001a4     lwiplib.obj (.text:icmp_input)
                  00004144    0000018c     lwiplib.obj (.text:tcp_output)
                  000042d0    00000148     lwiplib.obj (.text:tcp_close_shutdown)
                  00004418    00000140     lwiplib.obj (.text:tivaif_receive)
                  00004558    0000013c     rtsv7M4_T_le_v4SPD16_eabi.lib : _printfi.c.obj (.text:_pconv_e)
                  00004694    0000013a     lwiplib.obj (.text:pbuf_alloc)
                  000047ce    00000136     rtsv7M4_T_le_v4SPD16_eabi.lib : fd_div_t2.asm.obj (.text)
                  00004904    00000132     driverlib.lib : gpio.obj (.text:GPIOPadConfigSet)
                  00004a36    00000002     --HOLE-- [fill = 0]
                  00004a38    00000124     lwiplib.obj (.text:etharp_arp_input)
                  00004b5c    00000120     rtsv7M4_T_le_v4SPD16_eabi.lib : _printfi.c.obj (.text:fcvt)
                  00004c7c    00000118     lwiplib.obj (.text:etharp_output)
                  00004d94    00000114     lwiplib.obj (.text:etharp_query)
                  00004ea8    00000114     httpd.obj (.text:http_find_file)
                  00004fbc    00000114     lwiplib.obj (.text:tcp_listen_input)
                  000050d0    00000110     rtsv7M4_T_le_v4SPD16_eabi.lib : s_scalbn.c.obj (.text:scalbn)
                  000051e0    00000100     lwiplib.obj (.text:tivaif_transmit)
                  000052e0    000000fc     rtsv7M4_T_le_v4SPD16_eabi.lib : fd_mul_t2.asm.obj (.text)
                  000053dc    000000f8     lwiplib.obj (.text:mem_malloc)
                  000054d4    000000ec     httpd.obj (.text:get_http_headers)
                  000055c0    000000e8     lwiplib.obj (.text:ip_output_if)
                  000056a8    000000e8     lwiplib.obj (.text:mem_trim)
                  00005790    000000e4     lwiplib.obj (.text:lwIPInit)
                  00005874    000000e0     lwiplib.obj (.text:etharp_find_entry)
                  00005954    000000d8     lwiplib.obj (.text:tcp_output_segment)
                  00005a2c    000000d0     httpd.obj (.text:get_tag_insert)
                  00005afc    000000d0     lwiplib.obj (.text:tcp_alloc)
                  00005bcc    000000c4     lwiplib.obj (.text:InitDMADescriptors)
                  00005c90    000000c4     lwiplib.obj (.text:etharp_raw)
                  00005d54    000000bc     lwiplib.obj (.text:tcp_create_segment)
                  00005e10    000000bc     lwiplib.obj (.text:tivaif_hwinit)
                  00005ecc    000000b4     ___Bachelorarbeit_Transistor.obj (.text:lwIPHostTimerHandler)
                  00005f80    000000b1     rtsv7M4_T_le_v4SPD16_eabi.lib : _printfi.c.obj (.text:_ltostr)
                  00006031    00000003     --HOLE-- [fill = 0]
                  00006034    000000ac     lwiplib.obj (.text:ethernet_input)
                  000060e0    000000ac     lwiplib.obj (.text:tcp_enqueue_flags)
                  0000618c    000000ac     lwiplib.obj (.text:tcp_zero_window_probe)
                  00006238    000000a0     lwiplib.obj (.text:inet_chksum_pseudo)
                  000062d8    0000009e     httpd.obj (.text:http_parse_request)
                  00006376    0000009c     rtsv7M4_T_le_v4SPD16_eabi.lib : memcpy_t2.asm.obj (.text)
                  00006412    00000002     --HOLE-- [fill = 0]
                  00006414    0000009c     lwiplib.obj (.text:tcp_listen_with_backlog)
                  000064b0    00000098     ___Bachelorarbeit_Transistor.obj (.text:Funktion_ADC)
                  00006548    00000096     rtsv7M4_T_le_v4SPD16_eabi.lib : ull_div_t2.asm.obj (.text)
                  000065de    00000092     lwiplib.obj (.text:pbuf_copy)
                  00006670    00000090     lwiplib.obj (.text:tcp_abandon)
                  00006700    00000090     lwiplib.obj (.text:tcp_rst)
                  00006790    00000086     rtsv7M4_T_le_v4SPD16_eabi.lib : fd_cmp_t2.asm.obj (.text:__aeabi_cdcmple)
                  00006816    00000086                                   : fd_cmp_t2.asm.obj (.text:__aeabi_cdrcmple)
                  0000689c    00000084     io_fs.obj (.text:fs_open)
                  00006920    00000084     lwiplib.obj (.text:tcp_timewait_input)
                  000069a4    00000080     lwiplib.obj (.text:lwIPEthernetIntHandler)
                  00006a24    00000080     lwiplib.obj (.text:lwIPPrivateInit)
                  00006aa4    00000080     lwiplib.obj (.text:tcp_parseopt)
                  00006b24    0000007c     lwiplib.obj (.text:tcp_bind)
                  00006ba0    0000007c     lwiplib.obj (.text:tcp_oos_insert_segment)
                  00006c1c    0000007c     lwiplib.obj (.text:tivaif_process_phy_interrupt)
                  00006c98    0000007a     ___Bachelorarbeit_Transistor.obj (.text:ADCSequenceStepConfigure)
                  00006d12    0000007a     rtsv7M4_T_le_v4SPD16_eabi.lib : memset_t2.asm.obj (.text)
                  00006d8c    00000079     httpd.obj (.text:http_init_file)
                  00006e05    00000003     --HOLE-- [fill = 0]
                  00006e08    00000078     driverlib.lib : emac.obj (.text:EMACInit)
                  00006e80    00000074     lwiplib.obj (.text:etharp_update_arp_entry)
                  00006ef4    00000074     lwiplib.obj (.text:raw_input)
                  00006f68    00000072     httpd.obj (.text:extract_uri_parameters)
                  00006fda    00000002     --HOLE-- [fill = 0]
                  00006fdc    00000070     lwiplib.obj (.text:mem_free)
                  0000704c    00000070     lwiplib.obj (.text:tcp_fasttmr)
                  000070bc    0000006e     rtsv7M4_T_le_v4SPD16_eabi.lib : _printfi.c.obj (.text:_mcpy)
                  0000712a    0000006e                                   : fd_tos_t2.asm.obj (.text)
                  00007198    0000006c     lwiplib.obj (.text:icmp_send_response)
                  00007204    0000006c     lwiplib.obj (.text:memp_init)
                  00007270    00000068     driverlib.lib : interrupt.obj (.text:IntDisable)
                  000072d8    00000068                   : interrupt.obj (.text:IntEnable)
                  00007340    00000068     rtsv7M4_T_le_v4SPD16_eabi.lib : copy_decompress_lzss.c.obj (.text:decompress:lzss:__TI_decompress_lzss)
                  000073a8    00000068     httpd.obj (.text:http_recv)
                  00007410    00000068     lwiplib.obj (.text:lwip_standard_chksum)
                  00007478    00000068     lwiplib.obj (.text:sys_timeout)
                  000074e0    00000068     lwiplib.obj (.text:tcp_output_alloc_header)
                  00007548    00000068     lwiplib.obj (.text:tcp_process_refused_data)
                  000075b0    00000066     lwiplib.obj (.text:pbuf_copy_partial)
                  00007616    00000002     --HOLE-- [fill = 0]
                  00007618    00000064     rtsv7M4_T_le_v4SPD16_eabi.lib : s_frexp.c.obj (.text:frexp)
                  0000767c    00000064     lwiplib.obj (.text:pbuf_header)
                  000076e0    00000060     uartstdio.obj (.text:UARTStdioConfig)
                  00007740    00000060     lwiplib.obj (.text:plug_holes)
                  000077a0    0000005c     lwiplib.obj (.text:mem_init)
                  000077fc    0000005c     lwiplib.obj (.text:netif_set_ipaddr)
                  00007858    0000005c     lwiplib.obj (.text:tcp_keepalive)
                  000078b4    0000005c     lwiplib.obj (.text:tcp_pcb_remove)
                  00007910    0000005c     lwiplib.obj (.text:tcp_send_empty_ack)
                  0000796c    0000005a     lwiplib.obj (.text:pbuf_realloc)
                  000079c6    00000002     --HOLE-- [fill = 0]
                  000079c8    00000058     driverlib.lib : emac.obj (.text:EMACPHYConfigSet)
                  00007a20    00000058     httpd.obj (.text:http_accept)
                  00007a78    00000058     lwiplib.obj (.text:memp_malloc)
                  00007ad0    00000056     rtsv7M4_T_le_v4SPD16_eabi.lib : _printfi.c.obj (.text:_pconv_f)
                  00007b26    00000056     lwiplib.obj (.text:tcp_rexmit)
                  00007b7c    00000054     rtsv7M4_T_le_v4SPD16_eabi.lib : ltoa.c.obj (.text:ltoa)
                  00007bd0    00000054     lwiplib.obj (.text:tcp_new_port)
                  00007c24    00000052     rtsv7M4_T_le_v4SPD16_eabi.lib : _printfi.c.obj (.text:_ecpy)
                  00007c76    00000052     lwiplib.obj (.text:tcp_pbuf_prealloc)
                  00007cc8    00000052     lwiplib.obj (.text:tivaif_process_transmit)
                  00007d1a    00000002     --HOLE-- [fill = 0]
                  00007d1c    00000050     driverlib.lib : sysctl.obj (.text:SysCtlPeripheralReset)
                  00007d6c    00000050     ___Bachelorarbeit_Transistor.obj (.text:_ADCIntNumberGet)
                  00007dbc    00000050     httpd.obj (.text:http_close_conn)
                  00007e0c    00000050     lwiplib.obj (.text:lwIPServiceTimers)
                  00007e5c    00000050     lwiplib.obj (.text:tcp_write_checks)
                  00007eac    0000004e     ___Bachelorarbeit_Transistor.obj (.text:ADCSequenceConfigure)
                  00007efa    0000004e     lwiplib.obj (.text:inet_chksum_pbuf)
                  00007f48    0000004e     lwiplib.obj (.text:pbuf_free)
                  00007f96    00000002     --HOLE-- [fill = 0]
                  00007f98    0000004c     rtsv7M4_T_le_v4SPD16_eabi.lib : atoi.c.obj (.text:atoi)
                  00007fe4    0000004c     lwiplib.obj (.text:ip_route)
                  00008030    0000004c     lwiplib.obj (.text:netif_add)
                  0000807c    0000004c     rtsv7M4_T_le_v4SPD16_eabi.lib : snprintf.c.obj (.text:snprintf)
                  000080c8    0000004c     httpd.obj (.text:strnstr)
                  00008114    0000004c     lwiplib.obj (.text:tivaif_interrupt)
                  00008160    0000004b     httpd.obj (.text:http_get_404_file)
                  000081ab    00000001     --HOLE-- [fill = 0]
                  000081ac    00000048     driverlib.lib : gpio.obj (.text:GPIOPinConfigure)
                  000081f4    00000048     uartstdio.obj (.text:UARTwrite)
                  0000823c    00000048     driverlib.lib : sysctl.obj (.text:_SysCtlFrequencyGet)
                  00008284    00000048     lwiplib.obj (.text:etharp_output_to_arp_index)
                  000082cc    00000048     httpd.obj (.text:http_write)
                  00008314    00000048     lwiplib.obj (.text:ip_output)
                  0000835c    00000048     rtsv7M4_T_le_v4SPD16_eabi.lib : fd_toi_t2.asm.obj (.text)
                  000083a4    00000048     lwiplib.obj (.text:tcp_kill_prio)
                  000083ec    00000048     lwiplib.obj (.text:tcp_rexmit_fast)
                  00008434    00000048     lwiplib.obj (.text:tivaif_check_pbuf)
                  0000847c    00000046     lwiplib.obj (.text:tcp_send_fin)
                  000084c2    00000002     --HOLE-- [fill = 0]
                  000084c4    00000044     rtsv7M4_T_le_v4SPD16_eabi.lib : autoinit.c.obj (.text:__TI_auto_init_nobinit_nopinit:__TI_auto_init_nobinit_nopinit)
                  00008508    00000042     lwiplib.obj (.text:tcp_pcb_purge)
                  0000854a    00000002     --HOLE-- [fill = 0]
                  0000854c    00000040     lwiplib.obj (.text:etharp_tmr)
                  0000858c    00000040     rtsv7M4_T_le_v4SPD16_eabi.lib : u_divt2.asm.obj (.text)
                  000085cc    0000003e                                   : _printfi.c.obj (.text:_fcpy)
                  0000860a    0000003a     driverlib.lib : emac.obj (.text:EMACIntEnable)
                  00008644    0000003a     io_fs.obj (.text:fs_read)
                  0000867e    00000002     --HOLE-- [fill = 0]
                  00008680    00000038     ___Bachelorarbeit_Transistor.obj (.text:DisplayIPAddress)
                  000086b8    00000038     driverlib.lib : emac.obj (.text:EMACConfigSet)
                  000086f0    00000038                   : sysctl.obj (.text:SysCtlPeripheralReady)
                  00008728    00000038     rtsv7M4_T_le_v4SPD16_eabi.lib : boot_cortex_m.c.obj (.text:_c_int00_noargs:_c_int00_noargs)
                  00008760    00000038     httpd.obj (.text:httpd_init_addr)
                  00008798    00000038     lwiplib.obj (.text:memp_free)
                  000087d0    00000038     rtsv7M4_T_le_v4SPD16_eabi.lib : fs_tod_t2.asm.obj (.text)
                  00008808    00000038     lwiplib.obj (.text:tcpip_tcp_timer)
                  00008840    00000036     ustdlib.obj (.text:ustrncmp)
                  00008876    00000002     --HOLE-- [fill = 0]
                  00008878    00000034     driverlib.lib : emac.obj (.text:EMACConfigGet)
                  000088ac    00000034                   : emac.obj (.text:EMACIntClear)
                  000088e0    00000034                   : interrupt.obj (.text:IntRegister)
                  00008914    00000034                   : sysctl.obj (.text:SysCtlPeripheralEnable)
                  00008948    00000034     httpd.obj (.text:http_poll)
                  0000897c    00000034     rtsv7M4_T_le_v4SPD16_eabi.lib : strstr.c.obj (.text:strstr)
                  000089b0    00000034     lwiplib.obj (.text:tcp_kill_timewait)
                  000089e4    00000034     lwiplib.obj (.text:tcp_timer_needed)
                  00008a18    00000034     lwiplib.obj (.text:tivaif_init)
                  00008a4c    00000032     lwiplib.obj (.text:ip4_addr_isbroadcast)
                  00008a7e    00000032     lwiplib.obj (.text:tcp_recved)
                  00008ab0    00000030     rtsv7M4_T_le_v4SPD16_eabi.lib : snprintf.c.obj (.text:_outs)
                  00008ae0    00000030     lwiplib.obj (.text:tcp_update_rcv_ann_wnd)
                  00008b10    0000002e     rtsv7M4_T_le_v4SPD16_eabi.lib : i_tofd_t2.asm.obj (.text)
                  00008b3e    0000002e     lwiplib.obj (.text:tcp_rexmit_rto)
                  00008b6c    0000002c     driverlib.lib : emac.obj (.text:EMACIntStatus)
                  00008b98    0000002c     lwiplib.obj (.text:etharp_request)
                  00008bc4    0000002c     rtsv7M4_T_le_v4SPD16_eabi.lib : strncmp.c.obj (.text:strncmp)
                  00008bf0    0000002a     driverlib.lib : gpio.obj (.text:GPIODirModeSet)
                  00008c1a    0000002a     lwiplib.obj (.text:pbuf_cat)
                  00008c44    0000002a     ustdlib.obj (.text:ustrncpy)
                  00008c6e    00000002     --HOLE-- [fill = 0]
                  00008c70    00000028     ___Bachelorarbeit_Transistor.obj (.text:ADC0IntHandler)
                  00008c98    00000028     io.obj (.text:post_to_server2)
                  00008cc0    00000026     driverlib.lib : emac.obj (.text:EMACPHYRead)
                  00008ce6    00000026                   : emac.obj (.text:EMACPHYWrite)
                  00008d0c    00000026     httpd.obj (.text:http_state_free)
                  00008d32    00000026     lwiplib.obj (.text:tcp_recv_null)
                  00008d58    00000024     driverlib.lib : interrupt.obj (.text:IntPrioritySet)
                  00008d7c    00000024     lwiplib.obj (.text:etharp_free_entry)
                  00008da0    00000024     rtsv7M4_T_le_v4SPD16_eabi.lib : memcmp.c.obj (.text:memcmp)
                  00008dc4    00000024     lwiplib.obj (.text:netif_set_link_up)
                  00008de8    00000024     lwiplib.obj (.text:netif_set_up)
                  00008e0c    00000024     lwiplib.obj (.text:tcp_seg_copy)
                  00008e30    00000022     ___Bachelorarbeit_Transistor.obj (.text:PWMGenConfigure)
                  00008e52    00000022     httpd.obj (.text:http_state_alloc)
                  00008e74    00000020     driverlib.lib : sysctl.obj (.text:_SysCtlMemTimingGet)
                  00008e94    00000020     lwiplib.obj (.text:etharp_send_ip)
                  00008eb4    00000020     lwiplib.obj (.text:lwIPTimer)
                  00008ed4    00000020     rtsv7M4_T_le_v4SPD16_eabi.lib : u_tofd_t2.asm.obj (.text)
                  00008ef4    00000020     lwiplib.obj (.text:sys_timeouts_init)
                  00008f14    00000020     lwiplib.obj (.text:tcp_eff_send_mss)
                  00008f34    00000020     lwiplib.obj (.text:tcp_tmr)
                  00008f54    00000020     ustdlib.obj (.text:usprintf)
                  00008f74    0000001e     ___Bachelorarbeit_Transistor.obj (.text:ADCSequenceDataGet)
                  00008f92    0000001e     driverlib.lib : emac.obj (.text:EMACAddrGet)
                  00008fb0    0000001e     ___Bachelorarbeit_Transistor.obj (.text:PWMPulseWidthSet)
                  00008fce    00000002     --HOLE-- [fill = 0]
                  00008fd0    0000001c     httpd.obj (.text:http_set_ssi_handler)
                  00008fec    0000001c     rtsv7M4_T_le_v4SPD16_eabi.lib : memccpy.c.obj (.text:memccpy)
                  00009008    0000001c     lwiplib.obj (.text:netif_set_addr)
                  00009024    0000001a     uartstdio.obj (.text:UARTprintf)
                  0000903e    0000001a     lwiplib.obj (.text:lwip_htonl)
                  00009058    0000001a     ustdlib.obj (.text:usnprintf)
                  00009072    00000018     ___Bachelorarbeit_Transistor.obj (.text:ADCClockConfigSet)
                  0000908a    00000018     ___Bachelorarbeit_Transistor.obj (.text:ADCIntRegister)
                  000090a2    00000018     rtsv7M4_T_le_v4SPD16_eabi.lib : snprintf.c.obj (.text:_outc)
                  000090ba    00000002     --HOLE-- [fill = 0]
                  000090bc    00000018     lwiplib.obj (.text:arp_timer)
                  000090d4    00000018     lwiplib.obj (.text:pbuf_pool_is_empty)
                  000090ec    00000018     rtsv7M4_T_le_v4SPD16_eabi.lib : strcmp.c.obj (.text:strcmp)
                  00009104    00000018     lwiplib.obj (.text:tcp_next_iss)
                  0000911c    00000018     lwiplib.obj (.text:tcp_seg_free)
                  00009134    00000016     driverlib.lib : emac.obj (.text:EMACReset)
                  0000914a    00000016                   : emac.obj (.text:EMACRxEnable)
                  00009160    00000016                   : emac.obj (.text:EMACTxEnable)
                  00009176    00000016     httpd.obj (.text:http_sent)
                  0000918c    00000016     lwiplib.obj (.text:pbuf_ref)
                  000091a2    00000016     rtsv7M4_T_le_v4SPD16_eabi.lib : strchr.c.obj (.text:strchr)
                  000091b8    00000014     driverlib.lib : flash.obj (.text:FlashUserGet)
                  000091cc    00000014                   : systick.obj (.text:SysTickEnable)
                  000091e0    00000014                   : systick.obj (.text:SysTickIntEnable)
                  000091f4    00000014     rtsv7M4_T_le_v4SPD16_eabi.lib : s_copysign.c.obj (.text:copysign)
                  00009208    00000014     io.obj (.text:post_to_server)
                  0000921c    00000014     rtsv7M4_T_le_v4SPD16_eabi.lib : strlen.c.obj (.text:strlen)
                  00009230    00000014     lwiplib.obj (.text:sys_arch_unprotect)
                  00009244    00000014     lwiplib.obj (.text:tcp_close)
                  00009258    00000012     driverlib.lib : gpio.obj (.text:GPIOPinTypeADC)
                  0000926a    00000012                   : gpio.obj (.text:GPIOPinTypeEthernetLED)
                  0000927c    00000012                   : gpio.obj (.text:GPIOPinTypePWM)
                  0000928e    00000012     ___Bachelorarbeit_Transistor.obj (.text:PWMOutputState)
                  000092a0    00000012     lwiplib.obj (.text:netif_set_link_down)
                  000092b2    00000012     lwiplib.obj (.text:pbuf_clen)
                  000092c4    00000012     lwiplib.obj (.text:tcp_segs_free)
                  000092d6    00000012     rtsv7M4_T_le_v4SPD16_eabi.lib : wcslen.c.obj (.text:wcslen)
                  000092e8    00000010     ___Bachelorarbeit_Transistor.obj (.text:ADCIntEnable)
                  000092f8    00000010     driverlib.lib : emac.obj (.text:EMACFrameFilterSet)
                  00009308    00000010                   : interrupt.obj (.text:IntMasterEnable)
                  00009318    00000010     ___Bachelorarbeit_Transistor.obj (.text:PWMGenPeriodSet)
                  00009328    00000010     driverlib.lib : systick.obj (.text:SysTickPeriodSet)
                  00009338    00000010     lwiplib.obj (.text:inet_chksum)
                  00009348    00000010     lwiplib.obj (.text:lwip_init)
                  00009358    00000010     lwiplib.obj (.text:sys_arch_protect)
                  00009368    0000000e     ___Bachelorarbeit_Transistor.obj (.text:ADCHardwareOversampleConfigure)
                  00009376    0000000e     ___Bachelorarbeit_Transistor.obj (.text:ADCIntDisable)
                  00009384    0000000e     ___Bachelorarbeit_Transistor.obj (.text:ADCSequenceDisable)
                  00009392    0000000e     ___Bachelorarbeit_Transistor.obj (.text:ADCSequenceEnable)
                  000093a0    0000000e     rtsv7M4_T_le_v4SPD16_eabi.lib : copy_decompress_none.c.obj (.text:decompress:none:__TI_decompress_none)
                  000093ae    0000000c     ___Bachelorarbeit_Transistor.obj (.text:ADCReferenceSet)
                  000093ba    0000000c     driverlib.lib : cpu.obj (.text:CPUcpsie)
                  000093c6    0000000c     ___Bachelorarbeit_Transistor.obj (.text:PWMGenEnable)
                  000093d2    00000002     --HOLE-- [fill = 0]
                  000093d4    0000000c     driverlib.lib : sysctl.obj (.text:SysCtlMOSCConfigSet)
                  000093e0    0000000c     rtsv7M4_T_le_v4SPD16_eabi.lib : copy_zero_init.c.obj (.text:decompress:ZI:__TI_zero_init)
                  000093ec    0000000c     httpd.obj (.text:httpd_init)
                  000093f8    0000000c     lwiplib.obj (.text:lwIPLocalIPAddrGet)
                  00009404    0000000c     lwiplib.obj (.text:lwip_htons)
                  00009410    0000000c     lwiplib.obj (.text:netif_set_default)
                  0000941c    0000000c     lwiplib.obj (.text:netif_set_gw)
                  00009428    0000000c     lwiplib.obj (.text:netif_set_netmask)
                  00009434    0000000c     lwiplib.obj (.text:sys_now)
                  00009440    0000000a     ___Bachelorarbeit_Transistor.obj (.text:ADCIntClear)
                  0000944a    0000000a     lwiplib.obj (.text:tcp_poll)
                  00009454    00000008     driverlib.lib : emac.obj (.text:EMACPowerManagementStatusGet)
                  0000945c    00000008                   : emac.obj (.text:EMACTxDMAPollDemand)
                  00009464    00000008     rtsv7M4_T_le_v4SPD16_eabi.lib : errno.c.obj (.text:__aeabi_errno_addr)
                  0000946c    00000008     io_fs.obj (.text:fs_bytes_left)
                  00009474    00000008     httpd.obj (.text:http_err)
                  0000947c    00000008     lwiplib.obj (.text:icmp_dest_unreach)
                  00009484    00000006     driverlib.lib : emac.obj (.text:EMACRxDMADescriptorListSet)
                  0000948a    00000006                   : emac.obj (.text:EMACTimestampIntStatus)
                  00009490    00000006                   : emac.obj (.text:EMACTxDMADescriptorListSet)
                  00009496    00000006                   : gpio.obj (.text:GPIOPinRead)
                  0000949c    00000006                   : gpio.obj (.text:GPIOPinWrite)
                  000094a2    00000006     startup_ccs.obj (.text:ResetISR)
                  000094a8    00000006     driverlib.lib : sysctl.obj (.text:SysCtlDelay)
                  000094ae    00000006     ___Bachelorarbeit_Transistor.obj (.text:SysTickIntHandler)
                  000094b4    00000006     lwiplib.obj (.text:tcp_abort)
                  000094ba    00000006     lwiplib.obj (.text:tcp_accept_null)
                  000094c0    00000006     lwiplib.obj (.text:tcp_err)
                  000094c6    00000006     lwiplib.obj (.text:tcp_new)
                  000094cc    00000006     lwiplib.obj (.text:tcp_recv)
                  000094d2    00000004     rtsv7M4_T_le_v4SPD16_eabi.lib : pre_init.c.obj (.text:_system_pre_init)
                  000094d6    00000004                                   : exit.c.obj (.text:abort:abort)
                  000094da    00000004     io_fs.obj (.text:fs_close)
                  000094de    00000004     lwiplib.obj (.text:tcp_accept)
                  000094e2    00000004     lwiplib.obj (.text:tcp_arg)
                  000094e6    00000004     lwiplib.obj (.text:tcp_sent)
                  000094ea    00000004     lwiplib.obj (.text:tcp_setprio)

.const     0    000094f0    00005cfc     
                  000094f0    0000380b     io_fs.obj (.const:.string:data_io_cgi_ssi)
                  0000ccfb    000010b8     io_fs.obj (.const:.string:data_javascript_js)
                  0000ddb3    00000001     --HOLE-- [fill = 0]
                  0000ddb4    00000440     httpd.obj (.const:.string)
                  0000e1f4    00000401     io_fs.obj (.const:.string:data_index_htm)
                  0000e5f5    00000003     --HOLE-- [fill = 0]
                  0000e5f8    000003d2     ___Bachelorarbeit_Transistor.obj (.const:.string)
                  0000e9ca    00000002     --HOLE-- [fill = 0]
                  0000e9cc    000001b0     driverlib.lib : sysctl.obj (.const:g_pppui32XTALtoVCO)
                  0000eb7c    0000012c     io_fs.obj (.const:.string:data_404_htm)
                  0000eca8    00000101     rtsv7M4_T_le_v4SPD16_eabi.lib : ctype.c.obj (.const:.string:_ctypes_)
                  0000eda9    00000003     --HOLE-- [fill = 0]
                  0000edac    0000009c     driverlib.lib : interrupt.obj (.const:g_pui32Regs)
                  0000ee48    00000090                   : gpio.obj (.const:g_pui32GPIOBaseAddrs)
                  0000eed8    00000088     httpd.obj (.const:g_psHTTPHeaders)
                  0000ef60    00000070     driverlib.lib : interrupt.obj (.const)
                  0000efd0    0000006c                   : sysctl.obj (.const:g_pui32Xtals)
                  0000f03c    00000068     httpd.obj (.const:g_psHTTPHeaderStrings)
                  0000f0a4    00000030     driverlib.lib : sysctl.obj (.const:g_sXTALtoMEMTIM)
                  0000f0d4    00000028     httpd.obj (.const:g_psDefaultFilenames)
                  0000f0fc    00000018     driverlib.lib : emac.obj (.const)
                  0000f114    00000014     io_fs.obj (.const:file_404_htm)
                  0000f128    00000014     io_fs.obj (.const:file_index_htm)
                  0000f13c    00000014     io_fs.obj (.const:file_io_cgi_ssi)
                  0000f150    00000014     io_fs.obj (.const:file_javascript_js)
                  0000f164    00000010     httpd.obj (.const:g_pcSSIExtensions)
                  0000f174    00000010     lwiplib.obj (.const:memp_num)
                  0000f184    00000010     lwiplib.obj (.const:memp_sizes)
                  0000f194    00000010     lwiplib.obj (.const:tcp_pcb_lists)
                  0000f1a4    0000000d     lwiplib.obj (.const:.string:tcp_backoff)
                  0000f1b1    00000003     --HOLE-- [fill = 0]
                  0000f1b4    0000000c     uartstdio.obj (.const:g_ui32UARTBase)
                  0000f1c0    0000000c     uartstdio.obj (.const:g_ui32UARTPeriph)
                  0000f1cc    00000008     driverlib.lib : sysctl.obj (.const)
                  0000f1d4    00000007     lwiplib.obj (.const:.string:tcp_persist_backoff)
                  0000f1db    00000006     lwiplib.obj (.const:ethbroadcast)
                  0000f1e1    00000006     lwiplib.obj (.const:ethzero)
                  0000f1e7    00000001     --HOLE-- [fill = 0]
                  0000f1e8    00000004     lwiplib.obj (.const:ip_addr_any)

.cinit     0    0000f1f0    000001b0     
                  0000f1f0    0000017b     (.cinit..data.load) [load image, compression = lzss]
                  0000f36b    00000001     --HOLE-- [fill = 0]
                  0000f36c    0000000c     (__TI_handler_table)
                  0000f378    00000008     (.cinit..bss.load) [load image, compression = zero_init]
                  0000f380    00000008     (.cinit..vtable.load) [load image, compression = zero_init]
                  0000f388    00000018     (__TI_cinit_table)

.init_array 
*          0    00000000    00000000     UNINITIALIZED

.vtable    0    20000000    0000026c     UNINITIALIZED
                  20000000    0000026c     driverlib.lib : interrupt.obj (.vtable)

.bss       0    20000270    00017d72     UNINITIALIZED
                  20000270    0001001c     (.common:ram_heap)
                  2001028c    000073d4     lwiplib.obj (.bss:memp_memory)
                  20017660    00000360     (.common:g_pTxDescriptors)
                  200179c0    00000120     (.common:g_pRxDescriptors)
                  20017ae0    00000120     (.common:lwip_stats)
                  20017c00    000000c8     lwiplib.obj (.bss:arp_table)
                  20017cc8    00000064     (.common:Arr_Curr_Base)
                  20017d2c    00000064     (.common:Arr_Curr_Colle)
                  20017d90    00000064     (.common:Arr_Volt_BE)
                  20017df4    00000064     (.common:Arr_Volt_CE)
                  20017e58    00000050     lwiplib.obj (.bss)
                  20017ea8    00000030     lwiplib.obj (.bss:g_sNetIF)
                  20017ed8    00000020     lwiplib.obj (.bss:memp_tab)
                  20017ef8    00000020     (.common:ulADC0Value)
                  20017f18    00000010     lwiplib.obj (.bss:inseg)
                  20017f28    00000008     (.common:BASE)
                  20017f30    00000008     (.common:COLLECTOR)
                  20017f38    00000008     (.common:EMITTER)
                  20017f40    00000008     (.common:Vout)
                  20017f48    00000004     io_fs.obj (.bss:pcBuf$1)
                  20017f4c    00000004     (.common:Curr_BAS)
                  20017f50    00000004     (.common:Curr_COLLEC)
                  20017f54    00000004     (.common:Curr_EMI)
                  20017f58    00000004     (.common:Volt_BE)
                  20017f5c    00000004     (.common:Volt_CE)
                  20017f60    00000004     (.common:Voltage_BASE)
                  20017f64    00000004     (.common:Voltage_COLLECTOR)
                  20017f68    00000004     (.common:Voltage_EMITTER)
                  20017f6c    00000004     (.common:Voltage_R4)
                  20017f70    00000004     (.common:adcGetValues)
                  20017f74    00000004     (.common:current_header)
                  20017f78    00000004     (.common:current_iphdr_dest)
                  20017f7c    00000004     (.common:current_iphdr_src)
                  20017f80    00000004     (.common:current_netif)
                  20017f84    00000004     (.common:g_iNumCGIs)
                  20017f88    00000004     (.common:g_pCGIs)
                  20017f8c    00000004     (.common:g_pfnTimerHandler)
                  20017f90    00000004     (.common:g_ui32AbnormalInts)
                  20017f94    00000004     (.common:g_ui32IPAddress)
                  20017f98    00000004     (.common:g_ui32NormalInts)
                  20017f9c    00000004     (.common:g_ui32SysClock)
                  20017fa0    00000004     (.common:g_ulAnimSpeed)
                  20017fa4    00000004     (.common:g_ulAnimSpeed2)
                  20017fa8    00000004     (.common:help)
                  20017fac    00000004     (.common:hilfe)
                  20017fb0    00000004     (.common:i)
                  20017fb4    00000004     (.common:netif_default)
                  20017fb8    00000004     (.common:netif_list)
                  20017fbc    00000004     (.common:tcp_active_pcbs)
                  20017fc0    00000004     (.common:tcp_bound_pcbs)
                  20017fc4    00000004     (.common:tcp_input_pcb)
                  20017fc8    00000004     (.common:tcp_listen_pcbs)
                  20017fcc    00000004     (.common:tcp_ticks)
                  20017fd0    00000004     (.common:tcp_tmp_pcb)
                  20017fd4    00000004     (.common:tcp_tw_pcbs)
                  20017fd8    00000004     (.common:udp_pcbs)
                  20017fdc    00000004     (.common:ui32Lupe)
                  20017fe0    00000001     (.common:pbuf_free_ooseq_pending)
                  20017fe1    00000001     (.common:tcp_active_pcbs_changed)

.data      0    20018fe8    00000200     UNINITIALIZED
                  20018fe8    00000190     ___Bachelorarbeit_Transistor.obj (.data:g_pcConfigSSITags)
                  20019178    00000020     lwiplib.obj (.data)
                  20019198    00000010     lwiplib.obj (.data:g_RxDescList)
                  200191a8    00000010     lwiplib.obj (.data:g_TxDescList)
                  200191b8    0000000c     ___Bachelorarbeit_Transistor.obj (.data)
                  200191c4    0000000c     lwiplib.obj (.data:g_StellarisIFData)
                  200191d0    0000000c     httpd.obj (.data)
                  200191dc    00000005     uartstdio.obj (.data)
                  200191e1    00000003     --HOLE--
                  200191e4    00000004     rtsv7M4_T_le_v4SPD16_eabi.lib : errno.c.obj (.data)

.stack     0    20017fe8    00001000     UNINITIALIZED
                  20017fe8    00000004     rtsv7M4_T_le_v4SPD16_eabi.lib : boot_cortex_m.c.obj (.stack)
                  20017fec    00000ffc     --HOLE--

MODULE SUMMARY

       Module                             code    ro data   rw data
       ------                             ----    -------   -------
    .\
       io_fs.obj                          202     20032     4      
       ___Bachelorarbeit_Transistor.obj   3028    978       940    
       startup_ccs.obj                    12      512       0      
       io.obj                             62      0         8      
    +--+----------------------------------+-------+---------+---------+
       Total:                             3304    21522     952    
                                                                   
    .\drivers\
       pinout.obj                         536     0         0      
    +--+----------------------------------+-------+---------+---------+
       Total:                             536     0         0      
                                                                   
    .\third_party\lwip-1.4.1\apps\httpserver_raw\
       httpd.obj                          3048    1384      20     
    +--+----------------------------------+-------+---------+---------+
       Total:                             3048    1384      20     
                                                                   
    .\utils\
       lwiplib.obj                        18702   84        97178  
       ustdlib.obj                        747     0         0      
       uartstdio.obj                      684     24        5      
    +--+----------------------------------+-------+---------+---------+
       Total:                             20133   108       97183  
                                                                   
    C:/ti/TivaWare_C_Series-2.1.4.178/driverlib/ccs/Debug/driverlib.lib
       sysctl.obj                         822     596       0      
       interrupt.obj                      312     268       620    
       emac.obj                           692     24        0      
       gpio.obj                           486     144       0      
       systick.obj                        56      0         0      
       flash.obj                          20      0         0      
       cpu.obj                            12      0         0      
    +--+----------------------------------+-------+---------+---------+
       Total:                             2400    1032      620    
                                                                   
    C:\ti\ccsv8\tools\compiler\ti-cgt-arm_18.1.2.LTS\lib\rtsv7M4_T_le_v4SPD16_eabi.lib
       _printfi.c.obj                     4863    0         0      
       fd_add_t2.asm.obj                  438     0         0      
       fd_div_t2.asm.obj                  310     0         0      
       s_scalbn.c.obj                     272     0         0      
       fd_cmp_t2.asm.obj                  268     0         0      
       ctype.c.obj                        0       257       0      
       fd_mul_t2.asm.obj                  252     0         0      
       memcpy_t2.asm.obj                  156     0         0      
       ull_div_t2.asm.obj                 150     0         0      
       snprintf.c.obj                     148     0         0      
       memset_t2.asm.obj                  122     0         0      
       fd_tos_t2.asm.obj                  110     0         0      
       copy_decompress_lzss.c.obj         104     0         0      
       s_frexp.c.obj                      100     0         0      
       ltoa.c.obj                         84      0         0      
       atoi.c.obj                         76      0         0      
       fd_toi_t2.asm.obj                  72      0         0      
       autoinit.c.obj                     68      0         0      
       u_divt2.asm.obj                    64      0         0      
       boot_cortex_m.c.obj                56      0         0      
       fs_tod_t2.asm.obj                  56      0         0      
       strstr.c.obj                       52      0         0      
       i_tofd_t2.asm.obj                  46      0         0      
       strncmp.c.obj                      44      0         0      
       memcmp.c.obj                       36      0         0      
       u_tofd_t2.asm.obj                  32      0         0      
       memccpy.c.obj                      28      0         0      
       strcmp.c.obj                       24      0         0      
       strchr.c.obj                       22      0         0      
       s_copysign.c.obj                   20      0         0      
       strlen.c.obj                       20      0         0      
       wcslen.c.obj                       18      0         0      
       copy_decompress_none.c.obj         14      0         0      
       copy_zero_init.c.obj               12      0         0      
       errno.c.obj                        8       0         4      
       exit.c.obj                         4       0         0      
       pre_init.c.obj                     4       0         0      
       div0.asm.obj                       2       0         0      
    +--+----------------------------------+-------+---------+---------+
       Total:                             8155    257       4      
                                                                   
       Stack:                             0       0         4096   
       Linker Generated:                  0       431       0      
    +--+----------------------------------+-------+---------+---------+
       Grand Total:                       37576   24734     102875 


LINKER GENERATED COPY TABLES

__TI_cinit_table @ 0000f388 records: 3, size/record: 8, table size: 24
	.data: load addr=0000f1f0, load size=0000017b bytes, run addr=20018fe8, run size=00000200 bytes, compression=lzss
	.bss: load addr=0000f378, load size=00000008 bytes, run addr=20000270, run size=00017d72 bytes, compression=zero_init
	.vtable: load addr=0000f380, load size=00000008 bytes, run addr=20000000, run size=0000026c bytes, compression=zero_init


LINKER GENERATED HANDLER TABLE

__TI_handler_table @ 0000f36c records: 3, size/record: 4, table size: 12
	index: 0, handler: __TI_zero_init
	index: 1, handler: __TI_decompress_lzss
	index: 2, handler: __TI_decompress_none


GLOBAL SYMBOLS: SORTED ALPHABETICALLY BY Name 

address   name                          
-------   ----                          
00008c71  ADC0IntHandler                
00009073  ADCClockConfigSet             
00009369  ADCHardwareOversampleConfigure
00009441  ADCIntClear                   
00009377  ADCIntDisable                 
000092e9  ADCIntEnable                  
0000908b  ADCIntRegister                
000093af  ADCReferenceSet               
00007ead  ADCSequenceConfigure          
00008f75  ADCSequenceDataGet            
00009385  ADCSequenceDisable            
00009393  ADCSequenceEnable             
00006c99  ADCSequenceStepConfigure      
20017cc8  Arr_Curr_Base                 
20017d2c  Arr_Curr_Colle                
20017d90  Arr_Volt_BE                   
20017df4  Arr_Volt_CE                   
20017f28  BASE                          
000094d7  C$$EXIT                       
20017f30  COLLECTOR                     
000093bb  CPUcpsie                      
20017f4c  Curr_BAS                      
20017f50  Curr_COLLEC                   
20017f54  Curr_EMI                      
00008681  DisplayIPAddress              
00008f93  EMACAddrGet                   
00008879  EMACConfigGet                 
000086b9  EMACConfigSet                 
000092f9  EMACFrameFilterSet            
00006e09  EMACInit                      
000088ad  EMACIntClear                  
0000860b  EMACIntEnable                 
00008b6d  EMACIntStatus                 
000079c9  EMACPHYConfigSet              
00008cc1  EMACPHYRead                   
00008ce7  EMACPHYWrite                  
00009455  EMACPowerManagementStatusGet  
00009135  EMACReset                     
00009485  EMACRxDMADescriptorListSet    
0000914b  EMACRxEnable                  
0000948b  EMACTimestampIntStatus        
00009491  EMACTxDMADescriptorListSet    
0000945d  EMACTxDMAPollDemand           
00009161  EMACTxEnable                  
20017f38  EMITTER                       
000091b9  FlashUserGet                  
000064b1  Funktion_ADC                  
00008bf1  GPIODirModeSet                
00004905  GPIOPadConfigSet              
000081ad  GPIOPinConfigure              
00009497  GPIOPinRead                   
00009259  GPIOPinTypeADC                
0000926b  GPIOPinTypeEthernetLED        
0000927d  GPIOPinTypePWM                
0000949d  GPIOPinWrite                  
00005bcd  InitDMADescriptors            
00007271  IntDisable                    
000072d9  IntEnable                     
00009309  IntMasterEnable               
00008d59  IntPrioritySet                
000088e1  IntRegister                   
200191bc  OFF                           
200191b8  ON                            
00008e31  PWMGenConfigure               
000093c7  PWMGenEnable                  
00009319  PWMGenPeriodSet               
0000928f  PWMOutputState                
00008fb1  PWMPulseWidthSet              
00003299  PinoutSet                     
000094a3  ResetISR                      
000034b1  SysCtlClockFreqSet            
000094a9  SysCtlDelay                   
000093d5  SysCtlMOSCConfigSet           
00008915  SysCtlPeripheralEnable        
000086f1  SysCtlPeripheralReady         
00007d1d  SysCtlPeripheralReset         
000091cd  SysTickEnable                 
000091e1  SysTickIntEnable              
000094af  SysTickIntHandler             
00009329  SysTickPeriodSet              
000076e1  UARTStdioConfig               
00009025  UARTprintf                    
000036b1  UARTvprintf                   
000081f5  UARTwrite                     
20017f58  Volt_BE                       
20017f5c  Volt_CE                       
20017f60  Voltage_BASE                  
20017f64  Voltage_COLLECTOR             
20017f68  Voltage_EMITTER               
20017f6c  Voltage_R4                    
20017f40  Vout                          
20018fe8  __STACK_END                   
00001000  __STACK_SIZE                  
200183e8  __STACK_TOP                   
0000f388  __TI_CINIT_Base               
0000f3a0  __TI_CINIT_Limit              
0000f36c  __TI_Handler_Table_Base       
0000f378  __TI_Handler_Table_Limit      
000084c5  __TI_auto_init_nobinit_nopinit
00007341  __TI_decompress_lzss          
000093a1  __TI_decompress_none          
ffffffff  __TI_pprof_out_hndl           
00000201  __TI_printfi                  
ffffffff  __TI_prof_data_size           
ffffffff  __TI_prof_data_start          
00000000  __TI_static_base__            
000093e1  __TI_zero_init                
00006791  __aeabi_cdcmpeq               
00006791  __aeabi_cdcmple               
00006817  __aeabi_cdrcmple              
0000712b  __aeabi_d2f                   
0000835d  __aeabi_d2iz                  
00003df3  __aeabi_dadd                  
000047cf  __aeabi_ddiv                  
000052e1  __aeabi_dmul                  
00003de9  __aeabi_dsub                  
00009465  __aeabi_errno_addr            
000087d1  __aeabi_f2d                   
00008b11  __aeabi_i2d                   
00003f9f  __aeabi_idiv0                 
00003f9f  __aeabi_ldiv0                 
00006d13  __aeabi_memclr                
00006d13  __aeabi_memclr4               
00006d13  __aeabi_memclr8               
00006377  __aeabi_memcpy                
00006377  __aeabi_memcpy4               
00006377  __aeabi_memcpy8               
00006d15  __aeabi_memset                
00006d15  __aeabi_memset4               
00006d15  __aeabi_memset8               
00008ed5  __aeabi_ui2d                  
0000858d  __aeabi_uidiv                 
0000858d  __aeabi_uidivmod              
00006549  __aeabi_uldivmod              
ffffffff  __binit__                     
ffffffff  __c_args__                    
UNDEFED   __mpu_init                    
20017fe8  __stack                       
00008729  _c_int00_noargs               
0000eca8  _ctypes_                      
UNDEFED   _system_post_cinit            
000094d3  _system_pre_init              
000094d7  abort                         
20017f70  adcGetValues                  
00007f99  atoi                          
ffffffff  binit                         
000091f5  copysign                      
000091f5  copysignl                     
20017f74  current_header                
20017f78  current_iphdr_dest            
20017f7c  current_iphdr_src             
20017f80  current_netif                 
200191c0  end                           
200191e4  errno                         
00004c7d  etharp_output                 
00004d95  etharp_query                  
00008b99  etharp_request                
0000854d  etharp_tmr                    
0000f1db  ethbroadcast                  
00006035  ethernet_input                
0000f1e1  ethzero                       
0000f114  file_404_htm                  
0000f128  file_index_htm                
0000f13c  file_io_cgi_ssi               
0000f150  file_javascript_js            
00007619  frexp                         
00007619  frexpl                        
0000946d  fs_bytes_left                 
000094db  fs_close                      
0000689d  fs_open                       
00008645  fs_read                       
20019198  g_RxDescList                  
200191a8  g_TxDescList                  
20017f84  g_iNumCGIs                    
200191d4  g_iNumTags                    
20017f88  g_pCGIs                       
200179c0  g_pRxDescriptors              
20017660  g_pTxDescriptors              
0000f164  g_pcSSIExtensions             
20000000  g_pfnRAMVectors               
200191d0  g_pfnSSIHandler               
20017f8c  g_pfnTimerHandler             
00000000  g_pfnVectors                  
200191d8  g_ppcTags                     
0000f0d4  g_psDefaultFilenames          
20017f90  g_ui32AbnormalInts            
20017f94  g_ui32IPAddress               
2001917c  g_ui32LocalTimer              
20017f98  g_ui32NormalInts              
20017f9c  g_ui32SysClock                
20017fa0  g_ulAnimSpeed                 
20017fa4  g_ulAnimSpeed2                
20017fa8  help                          
20017fac  hilfe                         
00008fd1  http_set_ssi_handler          
000093ed  httpd_init                    
20017fb0  i                             
0000947d  icmp_dest_unreach             
00003fa1  icmp_input                    
00009339  inet_chksum                   
00007efb  inet_chksum_pbuf              
00006239  inet_chksum_pseudo            
0000389b  io_init                       
00008a4d  ip4_addr_isbroadcast          
0000f1e8  ip_addr_any                   
00003a6d  ip_input                      
00008315  ip_output                     
000055c1  ip_output_if                  
00007fe5  ip_route                      
000050d1  ldexp                         
000050d1  ldexpl                        
00007b7d  ltoa                          
000069a5  lwIPEthernetIntHandler        
00005ecd  lwIPHostTimerHandler          
00005791  lwIPInit                      
000093f9  lwIPLocalIPAddrGet            
00008eb5  lwIPTimer                     
0000903f  lwip_htonl                    
00009405  lwip_htons                    
00009349  lwip_init                     
0000903f  lwip_ntohl                    
00009405  lwip_ntohs                    
20017ae0  lwip_stats                    
000018b5  main                          
00006fdd  mem_free                      
000077a1  mem_init                      
000053dd  mem_malloc                    
000056a9  mem_trim                      
00008fed  memccpy                       
00008da1  memcmp                        
00006377  memcpy                        
00008799  memp_free                     
00007205  memp_init                     
00007a79  memp_malloc                   
00006d1b  memset                        
00008031  netif_add                     
20017fb4  netif_default                 
20017fb8  netif_list                    
00009009  netif_set_addr                
00009411  netif_set_default             
0000941d  netif_set_gw                  
000077fd  netif_set_ipaddr              
000092a1  netif_set_link_down           
00008dc5  netif_set_link_up             
00009429  netif_set_netmask             
00008de9  netif_set_up                  
00004695  pbuf_alloc                    
00008c1b  pbuf_cat                      
000092b3  pbuf_clen                     
000065df  pbuf_copy                     
000075b1  pbuf_copy_partial             
00007f49  pbuf_free                     
20017fe0  pbuf_free_ooseq_pending       
0000767d  pbuf_header                   
0000796d  pbuf_realloc                  
0000918d  pbuf_ref                      
00009209  post_to_server                
00008c99  post_to_server2               
20000270  ram_heap                      
00006ef5  raw_input                     
000050d1  scalbn                        
000050d1  scalbnl                       
0000807d  snprintf                      
000091a3  strchr                        
000090ed  strcmp                        
0000921d  strlen                        
00008bc5  strncmp                       
0000897d  strstr                        
00009359  sys_arch_protect              
00009231  sys_arch_unprotect            
00009435  sys_now                       
00007479  sys_timeout                   
00008ef5  sys_timeouts_init             
00006671  tcp_abandon                   
000094b5  tcp_abort                     
000094df  tcp_accept                    
20017fbc  tcp_active_pcbs               
20017fe1  tcp_active_pcbs_changed       
00005afd  tcp_alloc                     
000094e3  tcp_arg                       
0000f1a4  tcp_backoff                   
00006b25  tcp_bind                      
20017fc0  tcp_bound_pcbs                
00009245  tcp_close                     
00008f15  tcp_eff_send_mss              
000060e1  tcp_enqueue_flags             
000094c1  tcp_err                       
0000704d  tcp_fasttmr                   
00001d2d  tcp_input                     
20017fc4  tcp_input_pcb                 
00007859  tcp_keepalive                 
20017fc8  tcp_listen_pcbs               
00006415  tcp_listen_with_backlog       
000094c7  tcp_new                       
00009105  tcp_next_iss                  
00004145  tcp_output                    
0000f194  tcp_pcb_lists                 
00008509  tcp_pcb_purge                 
000078b5  tcp_pcb_remove                
0000f1d4  tcp_persist_backoff           
0000944b  tcp_poll                      
00007549  tcp_process_refused_data      
000094cd  tcp_recv                      
00008d33  tcp_recv_null                 
00008a7f  tcp_recved                    
00007b27  tcp_rexmit                    
000083ed  tcp_rexmit_fast               
00008b3f  tcp_rexmit_rto                
00006701  tcp_rst                       
00008e0d  tcp_seg_copy                  
0000911d  tcp_seg_free                  
000092c5  tcp_segs_free                 
00007911  tcp_send_empty_ack            
0000847d  tcp_send_fin                  
000094e7  tcp_sent                      
000094eb  tcp_setprio                   
00002b0d  tcp_slowtmr                   
20017fcc  tcp_ticks                     
000089e5  tcp_timer_needed              
20017fd0  tcp_tmp_pcb                   
00008f35  tcp_tmr                       
20017fd4  tcp_tw_pcbs                   
00008ae1  tcp_update_rcv_ann_wnd        
00002825  tcp_write                     
0000618d  tcp_zero_window_probe         
00008a19  tivaif_init                   
00008115  tivaif_interrupt              
00006c1d  tivaif_process_phy_interrupt  
00003c2d  udp_input                     
20017fd8  udp_pcbs                      
20017fdc  ui32Lupe                      
20017ef8  ulADC0Value                   
00009059  usnprintf                     
00008f55  usprintf                      
00008841  ustrncmp                      
00008c45  ustrncpy                      
00003045  uvsnprintf                    
000092d7  wcslen                        


GLOBAL SYMBOLS: SORTED BY Symbol Address 

address   name                          
-------   ----                          
00000000  __TI_static_base__            
00000000  g_pfnVectors                  
00000201  __TI_printfi                  
00001000  __STACK_SIZE                  
000018b5  main                          
00001d2d  tcp_input                     
00002825  tcp_write                     
00002b0d  tcp_slowtmr                   
00003045  uvsnprintf                    
00003299  PinoutSet                     
000034b1  SysCtlClockFreqSet            
000036b1  UARTvprintf                   
0000389b  io_init                       
00003a6d  ip_input                      
00003c2d  udp_input                     
00003de9  __aeabi_dsub                  
00003df3  __aeabi_dadd                  
00003f9f  __aeabi_idiv0                 
00003f9f  __aeabi_ldiv0                 
00003fa1  icmp_input                    
00004145  tcp_output                    
00004695  pbuf_alloc                    
000047cf  __aeabi_ddiv                  
00004905  GPIOPadConfigSet              
00004c7d  etharp_output                 
00004d95  etharp_query                  
000050d1  ldexp                         
000050d1  ldexpl                        
000050d1  scalbn                        
000050d1  scalbnl                       
000052e1  __aeabi_dmul                  
000053dd  mem_malloc                    
000055c1  ip_output_if                  
000056a9  mem_trim                      
00005791  lwIPInit                      
00005afd  tcp_alloc                     
00005bcd  InitDMADescriptors            
00005ecd  lwIPHostTimerHandler          
00006035  ethernet_input                
000060e1  tcp_enqueue_flags             
0000618d  tcp_zero_window_probe         
00006239  inet_chksum_pseudo            
00006377  __aeabi_memcpy                
00006377  __aeabi_memcpy4               
00006377  __aeabi_memcpy8               
00006377  memcpy                        
00006415  tcp_listen_with_backlog       
000064b1  Funktion_ADC                  
00006549  __aeabi_uldivmod              
000065df  pbuf_copy                     
00006671  tcp_abandon                   
00006701  tcp_rst                       
00006791  __aeabi_cdcmpeq               
00006791  __aeabi_cdcmple               
00006817  __aeabi_cdrcmple              
0000689d  fs_open                       
000069a5  lwIPEthernetIntHandler        
00006b25  tcp_bind                      
00006c1d  tivaif_process_phy_interrupt  
00006c99  ADCSequenceStepConfigure      
00006d13  __aeabi_memclr                
00006d13  __aeabi_memclr4               
00006d13  __aeabi_memclr8               
00006d15  __aeabi_memset                
00006d15  __aeabi_memset4               
00006d15  __aeabi_memset8               
00006d1b  memset                        
00006e09  EMACInit                      
00006ef5  raw_input                     
00006fdd  mem_free                      
0000704d  tcp_fasttmr                   
0000712b  __aeabi_d2f                   
00007205  memp_init                     
00007271  IntDisable                    
000072d9  IntEnable                     
00007341  __TI_decompress_lzss          
00007479  sys_timeout                   
00007549  tcp_process_refused_data      
000075b1  pbuf_copy_partial             
00007619  frexp                         
00007619  frexpl                        
0000767d  pbuf_header                   
000076e1  UARTStdioConfig               
000077a1  mem_init                      
000077fd  netif_set_ipaddr              
00007859  tcp_keepalive                 
000078b5  tcp_pcb_remove                
00007911  tcp_send_empty_ack            
0000796d  pbuf_realloc                  
000079c9  EMACPHYConfigSet              
00007a79  memp_malloc                   
00007b27  tcp_rexmit                    
00007b7d  ltoa                          
00007d1d  SysCtlPeripheralReset         
00007ead  ADCSequenceConfigure          
00007efb  inet_chksum_pbuf              
00007f49  pbuf_free                     
00007f99  atoi                          
00007fe5  ip_route                      
00008031  netif_add                     
0000807d  snprintf                      
00008115  tivaif_interrupt              
000081ad  GPIOPinConfigure              
000081f5  UARTwrite                     
00008315  ip_output                     
0000835d  __aeabi_d2iz                  
000083ed  tcp_rexmit_fast               
0000847d  tcp_send_fin                  
000084c5  __TI_auto_init_nobinit_nopinit
00008509  tcp_pcb_purge                 
0000854d  etharp_tmr                    
0000858d  __aeabi_uidiv                 
0000858d  __aeabi_uidivmod              
0000860b  EMACIntEnable                 
00008645  fs_read                       
00008681  DisplayIPAddress              
000086b9  EMACConfigSet                 
000086f1  SysCtlPeripheralReady         
00008729  _c_int00_noargs               
00008799  memp_free                     
000087d1  __aeabi_f2d                   
00008841  ustrncmp                      
00008879  EMACConfigGet                 
000088ad  EMACIntClear                  
000088e1  IntRegister                   
00008915  SysCtlPeripheralEnable        
0000897d  strstr                        
000089e5  tcp_timer_needed              
00008a19  tivaif_init                   
00008a4d  ip4_addr_isbroadcast          
00008a7f  tcp_recved                    
00008ae1  tcp_update_rcv_ann_wnd        
00008b11  __aeabi_i2d                   
00008b3f  tcp_rexmit_rto                
00008b6d  EMACIntStatus                 
00008b99  etharp_request                
00008bc5  strncmp                       
00008bf1  GPIODirModeSet                
00008c1b  pbuf_cat                      
00008c45  ustrncpy                      
00008c71  ADC0IntHandler                
00008c99  post_to_server2               
00008cc1  EMACPHYRead                   
00008ce7  EMACPHYWrite                  
00008d33  tcp_recv_null                 
00008d59  IntPrioritySet                
00008da1  memcmp                        
00008dc5  netif_set_link_up             
00008de9  netif_set_up                  
00008e0d  tcp_seg_copy                  
00008e31  PWMGenConfigure               
00008eb5  lwIPTimer                     
00008ed5  __aeabi_ui2d                  
00008ef5  sys_timeouts_init             
00008f15  tcp_eff_send_mss              
00008f35  tcp_tmr                       
00008f55  usprintf                      
00008f75  ADCSequenceDataGet            
00008f93  EMACAddrGet                   
00008fb1  PWMPulseWidthSet              
00008fd1  http_set_ssi_handler          
00008fed  memccpy                       
00009009  netif_set_addr                
00009025  UARTprintf                    
0000903f  lwip_htonl                    
0000903f  lwip_ntohl                    
00009059  usnprintf                     
00009073  ADCClockConfigSet             
0000908b  ADCIntRegister                
000090ed  strcmp                        
00009105  tcp_next_iss                  
0000911d  tcp_seg_free                  
00009135  EMACReset                     
0000914b  EMACRxEnable                  
00009161  EMACTxEnable                  
0000918d  pbuf_ref                      
000091a3  strchr                        
000091b9  FlashUserGet                  
000091cd  SysTickEnable                 
000091e1  SysTickIntEnable              
000091f5  copysign                      
000091f5  copysignl                     
00009209  post_to_server                
0000921d  strlen                        
00009231  sys_arch_unprotect            
00009245  tcp_close                     
00009259  GPIOPinTypeADC                
0000926b  GPIOPinTypeEthernetLED        
0000927d  GPIOPinTypePWM                
0000928f  PWMOutputState                
000092a1  netif_set_link_down           
000092b3  pbuf_clen                     
000092c5  tcp_segs_free                 
000092d7  wcslen                        
000092e9  ADCIntEnable                  
000092f9  EMACFrameFilterSet            
00009309  IntMasterEnable               
00009319  PWMGenPeriodSet               
00009329  SysTickPeriodSet              
00009339  inet_chksum                   
00009349  lwip_init                     
00009359  sys_arch_protect              
00009369  ADCHardwareOversampleConfigure
00009377  ADCIntDisable                 
00009385  ADCSequenceDisable            
00009393  ADCSequenceEnable             
000093a1  __TI_decompress_none          
000093af  ADCReferenceSet               
000093bb  CPUcpsie                      
000093c7  PWMGenEnable                  
000093d5  SysCtlMOSCConfigSet           
000093e1  __TI_zero_init                
000093ed  httpd_init                    
000093f9  lwIPLocalIPAddrGet            
00009405  lwip_htons                    
00009405  lwip_ntohs                    
00009411  netif_set_default             
0000941d  netif_set_gw                  
00009429  netif_set_netmask             
00009435  sys_now                       
00009441  ADCIntClear                   
0000944b  tcp_poll                      
00009455  EMACPowerManagementStatusGet  
0000945d  EMACTxDMAPollDemand           
00009465  __aeabi_errno_addr            
0000946d  fs_bytes_left                 
0000947d  icmp_dest_unreach             
00009485  EMACRxDMADescriptorListSet    
0000948b  EMACTimestampIntStatus        
00009491  EMACTxDMADescriptorListSet    
00009497  GPIOPinRead                   
0000949d  GPIOPinWrite                  
000094a3  ResetISR                      
000094a9  SysCtlDelay                   
000094af  SysTickIntHandler             
000094b5  tcp_abort                     
000094c1  tcp_err                       
000094c7  tcp_new                       
000094cd  tcp_recv                      
000094d3  _system_pre_init              
000094d7  C$$EXIT                       
000094d7  abort                         
000094db  fs_close                      
000094df  tcp_accept                    
000094e3  tcp_arg                       
000094e7  tcp_sent                      
000094eb  tcp_setprio                   
0000eca8  _ctypes_                      
0000f0d4  g_psDefaultFilenames          
0000f114  file_404_htm                  
0000f128  file_index_htm                
0000f13c  file_io_cgi_ssi               
0000f150  file_javascript_js            
0000f164  g_pcSSIExtensions             
0000f194  tcp_pcb_lists                 
0000f1a4  tcp_backoff                   
0000f1d4  tcp_persist_backoff           
0000f1db  ethbroadcast                  
0000f1e1  ethzero                       
0000f1e8  ip_addr_any                   
0000f36c  __TI_Handler_Table_Base       
0000f378  __TI_Handler_Table_Limit      
0000f388  __TI_CINIT_Base               
0000f3a0  __TI_CINIT_Limit              
20000000  g_pfnRAMVectors               
20000270  ram_heap                      
20017660  g_pTxDescriptors              
200179c0  g_pRxDescriptors              
20017ae0  lwip_stats                    
20017cc8  Arr_Curr_Base                 
20017d2c  Arr_Curr_Colle                
20017d90  Arr_Volt_BE                   
20017df4  Arr_Volt_CE                   
20017ef8  ulADC0Value                   
20017f28  BASE                          
20017f30  COLLECTOR                     
20017f38  EMITTER                       
20017f40  Vout                          
20017f4c  Curr_BAS                      
20017f50  Curr_COLLEC                   
20017f54  Curr_EMI                      
20017f58  Volt_BE                       
20017f5c  Volt_CE                       
20017f60  Voltage_BASE                  
20017f64  Voltage_COLLECTOR             
20017f68  Voltage_EMITTER               
20017f6c  Voltage_R4                    
20017f70  adcGetValues                  
20017f74  current_header                
20017f78  current_iphdr_dest            
20017f7c  current_iphdr_src             
20017f80  current_netif                 
20017f84  g_iNumCGIs                    
20017f88  g_pCGIs                       
20017f8c  g_pfnTimerHandler             
20017f90  g_ui32AbnormalInts            
20017f94  g_ui32IPAddress               
20017f98  g_ui32NormalInts              
20017f9c  g_ui32SysClock                
20017fa0  g_ulAnimSpeed                 
20017fa4  g_ulAnimSpeed2                
20017fa8  help                          
20017fac  hilfe                         
20017fb0  i                             
20017fb4  netif_default                 
20017fb8  netif_list                    
20017fbc  tcp_active_pcbs               
20017fc0  tcp_bound_pcbs                
20017fc4  tcp_input_pcb                 
20017fc8  tcp_listen_pcbs               
20017fcc  tcp_ticks                     
20017fd0  tcp_tmp_pcb                   
20017fd4  tcp_tw_pcbs                   
20017fd8  udp_pcbs                      
20017fdc  ui32Lupe                      
20017fe0  pbuf_free_ooseq_pending       
20017fe1  tcp_active_pcbs_changed       
20017fe8  __stack                       
200183e8  __STACK_TOP                   
20018fe8  __STACK_END                   
2001917c  g_ui32LocalTimer              
20019198  g_RxDescList                  
200191a8  g_TxDescList                  
200191b8  ON                            
200191bc  OFF                           
200191c0  end                           
200191d0  g_pfnSSIHandler               
200191d4  g_iNumTags                    
200191d8  g_ppcTags                     
200191e4  errno                         
ffffffff  __TI_pprof_out_hndl           
ffffffff  __TI_prof_data_size           
ffffffff  __TI_prof_data_start          
ffffffff  __binit__                     
ffffffff  __c_args__                    
ffffffff  binit                         
UNDEFED   __mpu_init                    
UNDEFED   _system_post_cinit            

[338 symbols]
